// Jest Snapshot v1, https://goo.gl/fbAQLP

exports[`renders correctly 1`] = `
<div>
  <div
    class="login"
  >
    <div
      class="greeting"
    >
      <h1>
        Welcome to 
        <br />
        Archilyse.
      </h1>
      <h1
        class="subtitle"
      >
        Please sign in.
      </h1>
    </div>
    <form>
      <input
        class="login-input"
        id="user"
        name="user"
        placeholder="Username"
        required=""
        value=""
      />
      <input
        class="login-input"
        id="password"
        name="password"
        placeholder="Password"
        required=""
        type="password"
        value=""
      />
      <button
        class="secondary-button extra-large"
        type="submit"
      >
        Sign in
      </button>
      <a
        href="https://www.archilyse.com/contact/"
        rel="noreferrer"
        target="_blank"
      >
        Get in contact
      </a>
    </form>
  </div>
</div>
`;
