{"472788": {"observation_points": [[2679529.9423176623, 1249403.4550039012, 4.35], [2679530.1971139293, 1249406.3604415338, 4.35]], "noise": [0.0, 0.0]}, "472791": {"observation_points": [[2679519.680740217, 1249415.573951544, 3.9], [2679520.5792294955, 1249416.3045273384, 3.9]], "noise": [0.0, 0.0]}, "472799": {"observation_points": [[2679515.3823963525, 1249412.1281524792, 4.35], [2679515.189940107, 1249409.3982203156, 4.35], [2679517.3544017766, 1249407.2831063198, 4.35], [2679517.474553289, 1249413.7836493778, 4.35], [2679514.7232115446, 1249410.7561679913, 4.35]], "noise": [64.01462097140043, 64.08644556158895, 64.08471752591817, 0.0, 64.06440127607405]}, "472800": {"observation_points": [[2679524.027096834, 1249400.8655959258, 4.35]], "noise": [64.0689934253504]}, "472802": {"observation_points": [[2679519.680740217, 1249415.573951544, 3.9], [2679520.5792294955, 1249416.3045273384, 3.9]], "noise": [0.0, 0.0]}, "472805": {"observation_points": [[2679519.417688004, 1249405.2988484523, 4.35]], "noise": [64.08111799367401]}, "472819": {"observation_points": [[2679521.9504405507, 1249402.8630573924, 4.35]], "noise": [64.07515001643502]}}